// Jest Snapshot v1, https://goo.gl/fbAQLP

exports[`renders Places using Snapshot 1`] = `
<View
  style={
    Array [
      Object {
        "backgroundColor": "#ffffff",
        "borderColor": "#bbb",
        "borderTopWidth": 1,
        "marginTop": 20,
      },
      Object {
        "borderBottomWidth": 0,
        "borderTopWidth": 0,
      },
    ]
  }
>
  <RCTScrollView
    ItemSeparatorComponent={[Function]}
    ListHeaderComponent={[Function]}
    data={
      Object {
        "location": "145 W Cool Street St. Chicago, IL",
        "name": "McDonalds",
        "noise": 3,
      }
    }
    disableVirtualization={false}
    getItem={[Function]}
    getItemCount={[Function]}
    horizontal={false}
    initialNumToRender={10}
    keyExtractor={[Function]}
    maxToRenderPerBatch={10}
    numColumns={1}
    onContentSizeChange={[Function]}
    onEndReachedThreshold={2}
    onLayout={[Function]}
    onMomentumScrollEnd={[Function]}
    onScroll={[Function]}
    onScrollBeginDrag={[Function]}
    onScrollEndDrag={[Function]}
    renderItem={[Function]}
    scrollEventThrottle={50}
    stickyHeaderIndices={Array []}
    updateCellsBatchingPeriod={50}
    viewabilityConfigCallbackPairs={Array []}
    windowSize={21}
  >
    <View>
      <View
        onLayout={[Function]}
        style={null}
      >
        <View
          style={
            Array [
              Object {
                "backgroundColor": "#393e42",
                "borderBottomColor": "#000",
                "borderBottomWidth": 1,
                "borderTopColor": "#000",
                "borderTopWidth": 1,
              },
              Object {
                "backgroundColor": "#e1e8ee",
                "borderBottomColor": "#e1e1e1",
                "borderTopColor": "#e1e1e1",
              },
              undefined,
            ]
          }
        >
          <TextInput
            allowFontScaling={true}
            placeholder="Search here"
            placeholderTextColor="#86939e"
            style={
              Array [
                Object {
                  "backgroundColor": "#303337",
                  "borderRadius": 3,
                  "color": "#86939e",
                  "fontSize": 17.5,
                  "height": 30,
                  "margin": 8,
                  "overflow": "hidden",
                  "paddingLeft": 26,
                  "paddingRight": 19,
                },
                Object {
                  "backgroundColor": "#bdc6cf",
                },
                false,
                Object {
                  "borderRadius": 15,
                },
                undefined,
                undefined,
                false,
              ]
            }
            underlineColorAndroid="transparent"
          />
          <Text
            accessible={true}
            allowFontScaling={false}
            ellipsizeMode="tail"
            style={
              Array [
                Object {
                  "color": "#86939e",
                  "fontSize": 16,
                },
                Array [
                  Object {
                    "backgroundColor": "transparent",
                    "position": "absolute",
                    "top": 15.5,
                  },
                  Object {
                    "left": 16,
                  },
                  undefined,
                ],
                Object {
                  "fontFamily": "Material Icons",
                  "fontStyle": "normal",
                  "fontWeight": "normal",
                },
              ]
            }
          >
            î¢¶
          </Text>
        </View>
      </View>
    </View>
  </RCTScrollView>
</View>
`;
